Thu Jan 7 11:19:13 IST 2021

SLURM_JOBID:		 63792
SLURM_JOB_NODELIST:	 ise-gpu-01 


2021-01-07 11:19:33.908505: W tensorflow/stream_executor/platform/default/dso_loader.cc:55] Could not load dynamic library 'libnvinfer.so.6'; dlerror: libnvinfer.so.6: cannot open shared object file: No such file or directory
2021-01-07 11:19:33.908734: W tensorflow/stream_executor/platform/default/dso_loader.cc:55] Could not load dynamic library 'libnvinfer_plugin.so.6'; dlerror: libnvinfer_plugin.so.6: cannot open shared object file: No such file or directory
2021-01-07 11:19:33.908763: W tensorflow/compiler/tf2tensorrt/utils/py_utils.cc:30] Cannot dlopen some TensorRT libraries. If you would like to use Nvidia GPU with TensorRT, please make sure the missing libraries mentioned above are installed properly.
class_to_int : 
 {'with_mask': 0, 'without_mask': 1}

int_to_class : 
 {0: 'with_mask', 1: 'without_mask'}
<dataset lenght>: 258.1
Test loss is 0.0579
Time elapsed:  20.47240662574768
